<custome-element>input-skip-skip</custome-element>
